2025-03-11 17:30:14,216 - INFO - upload file successD:/Desktop/华为软挑/Huawei_Preliminary_Contest/resources/replay/replay_21372_2025-03-11.17.29.42.txt
2025-03-11 17:31:17,208 - ERROR - No replay file is found before the current time slicing.
2025-03-11 17:31:35,815 - INFO - upload file successD:/Desktop/华为软挑/Huawei_Preliminary_Contest/resources/replay/replay_21370_2025-03-11.17.31.30.txt
2025-03-11 17:34:21,105 - INFO - upload file success
2025-03-13 09:49:25,477 - INFO - upload file successD:/Desktop/华为软挑/Huawei_Preliminary_Contest/resources/replay/replay_173_2025-03-13.09.48.40.txt
2025-03-13 10:30:33,942 - INFO - upload file successD:/Desktop/华为软挑/Huawei_Preliminary_Contest/resources/replay/replay_27895_2025-03-13.10.29.29.txt
2025-03-15 06:32:13,156 - INFO - upload file successD:/Desktop/华为软挑/Huawei_Preliminary_Contest/resources/replay/replay_17897_2025-03-15.06.30.39.txt
2025-03-15 06:46:38,969 - INFO - upload file successD:/Desktop/华为软挑/Huawei_Preliminary_Contest/resources/replay/replay_14796_2025-03-15.06.46.19.txt
2025-03-15 06:58:39,096 - INFO - upload file successD:/Desktop/华为软挑/Huawei_Preliminary_Contest/resources/replay/replay_17813_2025-03-15.06.58.14.txt
2025-03-15 07:22:16,672 - INFO - upload file successD:/Desktop/华为软挑/Huawei_Preliminary_Contest/resources/replay/replay_8819_2025-03-15.07.22.06.txt
2025-03-15 07:45:58,470 - INFO - upload file successD:/Desktop/华为软挑/Huawei_Preliminary_Contest/resources/replay/replay_19351_2025-03-15.07.45.45.txt
2025-03-15 08:05:52,144 - INFO - upload file successD:/Desktop/华为软挑/Huawei_Preliminary_Contest/resources/replay/replay_14322_2025-03-15.08.05.26.txt
2025-03-15 08:12:37,742 - INFO - upload file success
2025-03-15 08:13:50,275 - INFO - upload file successD:/Desktop/华为软挑/Huawei_Preliminary_Contest/resources/replay/replay_25060_2025-03-15.08.13.40.txt
2025-03-17 09:41:59,972 - INFO - upload file successC:/Users/86183/Desktop/Rt/Huawei_Preliminary_Contest/replay/replay_2_2025-03-17.09.39.59.txt
2025-03-17 09:45:52,663 - INFO - upload file successC:/Users/86183/Desktop/Rt/Huawei_Preliminary_Contest/replay/replay_3_2025-03-17.09.40.00.txt
2025-03-17 09:48:05,772 - INFO - upload file successC:/Users/86183/Desktop/Rt/Huawei_Preliminary_Contest/replay/replay_1000_2025-03-17.09.47.52.txt
2025-03-17 09:48:58,078 - ERROR - No replay file is found after the current time slicing.
2025-03-17 09:49:03,062 - INFO - upload file successC:/Users/86183/Desktop/Rt/Huawei_Preliminary_Contest/replay/replay_1001_2025-03-17.09.47.53.txt
2025-03-17 09:50:20,860 - INFO - upload file successC:/Users/86183/Desktop/Rt/Huawei_Preliminary_Contest/replay/replay_1800_2025-03-17.09.49.54.txt
2025-03-17 09:51:39,326 - INFO - upload file successC:/Users/86183/Desktop/Rt/Huawei_Preliminary_Contest/replay/replay_18001_2025-03-17.09.50.17.txt
2025-03-17 09:54:52,060 - INFO - upload file successC:/Users/86183/Desktop/Rt/Huawei_Preliminary_Contest/replay/replay_3000_2025-03-17.09.54.36.txt
2025-03-17 09:55:01,860 - INFO - upload file successC:/Users/86183/Desktop/Rt/Huawei_Preliminary_Contest/replay/replay_3000_2025-03-17.09.54.36.txt
2025-03-17 09:55:09,687 - INFO - upload file successC:/Users/86183/Desktop/Rt/Huawei_Preliminary_Contest/replay/replay_5000_2025-03-17.09.54.36.txt
2025-03-17 09:58:40,750 - INFO - upload file successC:/Users/86183/Desktop/Rt/Huawei_Preliminary_Contest/replay/replay_5400_2025-03-17.09.58.25.txt
2025-03-17 09:58:49,717 - INFO - upload file successC:/Users/86183/Desktop/Rt/Huawei_Preliminary_Contest/replay/replay_7200_2025-03-17.09.58.26.txt
2025-03-17 10:00:04,403 - INFO - upload file successC:/Users/86183/Desktop/Rt/Huawei_Preliminary_Contest/replay/replay_9000_2025-03-17.09.59.56.txt
2025-03-17 10:00:12,252 - INFO - upload file successC:/Users/86183/Desktop/Rt/Huawei_Preliminary_Contest/replay/replay_10080_2025-03-17.09.59.56.txt
2025-03-17 20:07:08,315 - INFO - upload file successC:/Users/86183/Desktop/Rt/Huawei_Preliminary_Contest/replay/replay_33598_2025-03-17.20.06.47.txt
2025-03-17 20:16:07,234 - INFO - upload file successC:/Users/86183/Desktop/Rt/Huawei_Preliminary_Contest/replay/replay_33599_2025-03-17.20.14.18.txt
2025-03-19 12:44:30,975 - INFO - upload file successC:/Users/86183/Desktop/Rt/Huawei_Preliminary_Contest/replay/replay_56000_2025-03-19.12.44.22.txt
2025-03-19 12:49:42,414 - INFO - upload file successC:/Users/86183/Desktop/Rt/Huawei_Preliminary_Contest/replay/replay_72000_2025-03-19.12.45.22.txt
2025-03-19 14:28:38,216 - INFO - upload file successC:/Users/86183/Desktop/Rt/Huawei_Preliminary_Contest/replay/replay_1800_2025-03-17.09.49.54.txt
2025-03-19 19:00:18,391 - INFO - upload file successC:/Users/86183/Desktop/Rt/Huawei_Preliminary_Contest/replay/replay_9000_2025-03-17.09.59.56.txt
2025-03-19 19:05:13,332 - INFO - upload file successC:/Users/86183/Desktop/Rt/Huawei_Preliminary_Contest/replay/replay_56000_2025-03-19.12.44.22.txt
